[DEBUG] 2025-07-10 00:08:24.008 [main] PackageRelationshipCollection - Parsing relationship: /xl/_rels/workbook.xml.rels
[DEBUG] 2025-07-10 00:08:24.015 [main] PackageRelationshipCollection - Parsing relationship: /xl/worksheets/_rels/sheet1.xml.rels
[DEBUG] 2025-07-10 00:08:24.015 [main] PackageRelationshipCollection - Parsing relationship: /_rels/.rels
[DEBUG] 2025-07-10 00:08:24.334 [main] PackageRelationshipCollection - Parsing relationship: /xl/_rels/workbook.xml.rels
[DEBUG] 2025-07-10 00:08:24.335 [main] PackageRelationshipCollection - Parsing relationship: /xl/worksheets/_rels/sheet1.xml.rels
[DEBUG] 2025-07-10 00:08:24.335 [main] PackageRelationshipCollection - Parsing relationship: /_rels/.rels
[DEBUG] 2025-07-10 00:08:24.347 [main] PackageRelationshipCollection - Parsing relationship: /xl/_rels/workbook.xml.rels
[DEBUG] 2025-07-10 00:08:24.348 [main] PackageRelationshipCollection - Parsing relationship: /xl/worksheets/_rels/sheet1.xml.rels
[DEBUG] 2025-07-10 00:08:24.348 [main] PackageRelationshipCollection - Parsing relationship: /_rels/.rels
[DEBUG] 2025-07-10 00:08:24.365 [main] PackageRelationshipCollection - Parsing relationship: /xl/_rels/workbook.xml.rels
[DEBUG] 2025-07-10 00:08:24.365 [main] PackageRelationshipCollection - Parsing relationship: /xl/worksheets/_rels/sheet1.xml.rels
[DEBUG] 2025-07-10 00:08:24.366 [main] PackageRelationshipCollection - Parsing relationship: /_rels/.rels
[DEBUG] 2025-07-10 00:08:24.377 [main] PackageRelationshipCollection - Parsing relationship: /xl/_rels/workbook.xml.rels
[DEBUG] 2025-07-10 00:08:24.378 [main] PackageRelationshipCollection - Parsing relationship: /xl/worksheets/_rels/sheet1.xml.rels
[DEBUG] 2025-07-10 00:08:24.378 [main] PackageRelationshipCollection - Parsing relationship: /_rels/.rels
[DEBUG] 2025-07-10 00:08:24.387 [main] PackageRelationshipCollection - Parsing relationship: /xl/_rels/workbook.xml.rels
[DEBUG] 2025-07-10 00:08:24.388 [main] PackageRelationshipCollection - Parsing relationship: /xl/worksheets/_rels/sheet1.xml.rels
[DEBUG] 2025-07-10 00:08:24.388 [main] PackageRelationshipCollection - Parsing relationship: /_rels/.rels
[DEBUG] 2025-07-10 00:08:24.397 [main] PackageRelationshipCollection - Parsing relationship: /xl/_rels/workbook.xml.rels
[DEBUG] 2025-07-10 00:08:24.397 [main] PackageRelationshipCollection - Parsing relationship: /xl/worksheets/_rels/sheet1.xml.rels
[DEBUG] 2025-07-10 00:08:24.398 [main] PackageRelationshipCollection - Parsing relationship: /_rels/.rels
[DEBUG] 2025-07-10 00:08:24.407 [main] PackageRelationshipCollection - Parsing relationship: /xl/_rels/workbook.xml.rels
[DEBUG] 2025-07-10 00:08:24.407 [main] PackageRelationshipCollection - Parsing relationship: /xl/worksheets/_rels/sheet1.xml.rels
[DEBUG] 2025-07-10 00:08:24.408 [main] PackageRelationshipCollection - Parsing relationship: /_rels/.rels
[DEBUG] 2025-07-10 00:08:24.416 [main] PackageRelationshipCollection - Parsing relationship: /xl/_rels/workbook.xml.rels
[DEBUG] 2025-07-10 00:08:24.418 [main] PackageRelationshipCollection - Parsing relationship: /xl/worksheets/_rels/sheet1.xml.rels
[DEBUG] 2025-07-10 00:08:24.418 [main] PackageRelationshipCollection - Parsing relationship: /_rels/.rels
[DEBUG] 2025-07-10 00:08:24.425 [main] PackageRelationshipCollection - Parsing relationship: /xl/_rels/workbook.xml.rels
[DEBUG] 2025-07-10 00:08:24.426 [main] PackageRelationshipCollection - Parsing relationship: /xl/worksheets/_rels/sheet1.xml.rels
[DEBUG] 2025-07-10 00:08:24.426 [main] PackageRelationshipCollection - Parsing relationship: /_rels/.rels
[DEBUG] 2025-07-10 00:08:24.435 [main] PackageRelationshipCollection - Parsing relationship: /xl/_rels/workbook.xml.rels
[DEBUG] 2025-07-10 00:08:24.435 [main] PackageRelationshipCollection - Parsing relationship: /xl/worksheets/_rels/sheet1.xml.rels
[DEBUG] 2025-07-10 00:08:24.436 [main] PackageRelationshipCollection - Parsing relationship: /_rels/.rels
[DEBUG] 2025-07-10 00:08:24.443 [main] PackageRelationshipCollection - Parsing relationship: /xl/_rels/workbook.xml.rels
[DEBUG] 2025-07-10 00:08:24.443 [main] PackageRelationshipCollection - Parsing relationship: /xl/worksheets/_rels/sheet1.xml.rels
[DEBUG] 2025-07-10 00:08:24.443 [main] PackageRelationshipCollection - Parsing relationship: /_rels/.rels
[DEBUG] 2025-07-10 00:08:24.450 [main] PackageRelationshipCollection - Parsing relationship: /xl/_rels/workbook.xml.rels
[DEBUG] 2025-07-10 00:08:24.451 [main] PackageRelationshipCollection - Parsing relationship: /xl/worksheets/_rels/sheet1.xml.rels
[DEBUG] 2025-07-10 00:08:24.451 [main] PackageRelationshipCollection - Parsing relationship: /_rels/.rels
[DEBUG] 2025-07-10 00:08:24.459 [main] PackageRelationshipCollection - Parsing relationship: /xl/_rels/workbook.xml.rels
[DEBUG] 2025-07-10 00:08:24.459 [main] PackageRelationshipCollection - Parsing relationship: /xl/worksheets/_rels/sheet1.xml.rels
[DEBUG] 2025-07-10 00:08:24.459 [main] PackageRelationshipCollection - Parsing relationship: /_rels/.rels
[DEBUG] 2025-07-10 00:08:24.466 [main] PackageRelationshipCollection - Parsing relationship: /xl/_rels/workbook.xml.rels
[DEBUG] 2025-07-10 00:08:24.466 [main] PackageRelationshipCollection - Parsing relationship: /xl/worksheets/_rels/sheet1.xml.rels
[DEBUG] 2025-07-10 00:08:24.467 [main] PackageRelationshipCollection - Parsing relationship: /_rels/.rels
[DEBUG] 2025-07-10 00:08:24.476 [main] PackageRelationshipCollection - Parsing relationship: /xl/_rels/workbook.xml.rels
[DEBUG] 2025-07-10 00:08:24.478 [main] PackageRelationshipCollection - Parsing relationship: /xl/worksheets/_rels/sheet1.xml.rels
[DEBUG] 2025-07-10 00:08:24.478 [main] PackageRelationshipCollection - Parsing relationship: /_rels/.rels
[DEBUG] 2025-07-10 00:08:24.486 [main] PackageRelationshipCollection - Parsing relationship: /xl/_rels/workbook.xml.rels
[DEBUG] 2025-07-10 00:08:24.486 [main] PackageRelationshipCollection - Parsing relationship: /xl/worksheets/_rels/sheet1.xml.rels
[DEBUG] 2025-07-10 00:08:24.486 [main] PackageRelationshipCollection - Parsing relationship: /_rels/.rels
[INFO ] 2025-07-10 00:08:24.508 [main] TC003_LoginDDT - ******* Starting TC003_LoginDDT *********
[INFO ] 2025-07-10 00:08:25.770 [main] TC003_LoginDDT - ******* Finished TC003_LoginDDT *********
[INFO ] 2025-07-10 00:08:25.779 [main] TC003_LoginDDT - ******* Starting TC003_LoginDDT *********
[INFO ] 2025-07-10 00:08:36.617 [main] TC003_LoginDDT - ******* Finished TC003_LoginDDT *********
[INFO ] 2025-07-10 00:08:36.622 [main] TC003_LoginDDT - ******* Starting TC003_LoginDDT *********
[INFO ] 2025-07-10 00:08:47.431 [main] TC003_LoginDDT - ******* Finished TC003_LoginDDT *********
[INFO ] 2025-07-10 00:08:47.435 [main] TC003_LoginDDT - ******* Starting TC003_LoginDDT *********
[INFO ] 2025-07-10 00:08:58.288 [main] TC003_LoginDDT - ******* Finished TC003_LoginDDT *********
[INFO ] 2025-07-10 00:08:58.289 [main] TC003_LoginDDT - ******* Starting TC003_LoginDDT *********
[INFO ] 2025-07-10 00:08:59.666 [main] TC003_LoginDDT - ******* Finished TC003_LoginDDT *********
[DEBUG] 2025-07-10 00:10:56.196 [main] PackageRelationshipCollection - Parsing relationship: /xl/_rels/workbook.xml.rels
[DEBUG] 2025-07-10 00:10:56.199 [main] PackageRelationshipCollection - Parsing relationship: /xl/worksheets/_rels/sheet1.xml.rels
[DEBUG] 2025-07-10 00:10:56.200 [main] PackageRelationshipCollection - Parsing relationship: /_rels/.rels
[DEBUG] 2025-07-10 00:10:56.463 [main] PackageRelationshipCollection - Parsing relationship: /xl/_rels/workbook.xml.rels
[DEBUG] 2025-07-10 00:10:56.464 [main] PackageRelationshipCollection - Parsing relationship: /xl/worksheets/_rels/sheet1.xml.rels
[DEBUG] 2025-07-10 00:10:56.464 [main] PackageRelationshipCollection - Parsing relationship: /_rels/.rels
[DEBUG] 2025-07-10 00:10:56.476 [main] PackageRelationshipCollection - Parsing relationship: /xl/_rels/workbook.xml.rels
[DEBUG] 2025-07-10 00:10:56.477 [main] PackageRelationshipCollection - Parsing relationship: /xl/worksheets/_rels/sheet1.xml.rels
[DEBUG] 2025-07-10 00:10:56.477 [main] PackageRelationshipCollection - Parsing relationship: /_rels/.rels
[DEBUG] 2025-07-10 00:10:56.492 [main] PackageRelationshipCollection - Parsing relationship: /xl/_rels/workbook.xml.rels
[DEBUG] 2025-07-10 00:10:56.492 [main] PackageRelationshipCollection - Parsing relationship: /xl/worksheets/_rels/sheet1.xml.rels
[DEBUG] 2025-07-10 00:10:56.493 [main] PackageRelationshipCollection - Parsing relationship: /_rels/.rels
[DEBUG] 2025-07-10 00:10:56.502 [main] PackageRelationshipCollection - Parsing relationship: /xl/_rels/workbook.xml.rels
[DEBUG] 2025-07-10 00:10:56.503 [main] PackageRelationshipCollection - Parsing relationship: /xl/worksheets/_rels/sheet1.xml.rels
[DEBUG] 2025-07-10 00:10:56.503 [main] PackageRelationshipCollection - Parsing relationship: /_rels/.rels
[DEBUG] 2025-07-10 00:10:56.511 [main] PackageRelationshipCollection - Parsing relationship: /xl/_rels/workbook.xml.rels
[DEBUG] 2025-07-10 00:10:56.512 [main] PackageRelationshipCollection - Parsing relationship: /xl/worksheets/_rels/sheet1.xml.rels
[DEBUG] 2025-07-10 00:10:56.512 [main] PackageRelationshipCollection - Parsing relationship: /_rels/.rels
[DEBUG] 2025-07-10 00:10:56.520 [main] PackageRelationshipCollection - Parsing relationship: /xl/_rels/workbook.xml.rels
[DEBUG] 2025-07-10 00:10:56.520 [main] PackageRelationshipCollection - Parsing relationship: /xl/worksheets/_rels/sheet1.xml.rels
[DEBUG] 2025-07-10 00:10:56.520 [main] PackageRelationshipCollection - Parsing relationship: /_rels/.rels
[DEBUG] 2025-07-10 00:10:56.528 [main] PackageRelationshipCollection - Parsing relationship: /xl/_rels/workbook.xml.rels
[DEBUG] 2025-07-10 00:10:56.528 [main] PackageRelationshipCollection - Parsing relationship: /xl/worksheets/_rels/sheet1.xml.rels
[DEBUG] 2025-07-10 00:10:56.529 [main] PackageRelationshipCollection - Parsing relationship: /_rels/.rels
[DEBUG] 2025-07-10 00:10:56.536 [main] PackageRelationshipCollection - Parsing relationship: /xl/_rels/workbook.xml.rels
[DEBUG] 2025-07-10 00:10:56.537 [main] PackageRelationshipCollection - Parsing relationship: /xl/worksheets/_rels/sheet1.xml.rels
[DEBUG] 2025-07-10 00:10:56.537 [main] PackageRelationshipCollection - Parsing relationship: /_rels/.rels
[DEBUG] 2025-07-10 00:10:56.546 [main] PackageRelationshipCollection - Parsing relationship: /xl/_rels/workbook.xml.rels
[DEBUG] 2025-07-10 00:10:56.546 [main] PackageRelationshipCollection - Parsing relationship: /xl/worksheets/_rels/sheet1.xml.rels
[DEBUG] 2025-07-10 00:10:56.546 [main] PackageRelationshipCollection - Parsing relationship: /_rels/.rels
[DEBUG] 2025-07-10 00:10:56.557 [main] PackageRelationshipCollection - Parsing relationship: /xl/_rels/workbook.xml.rels
[DEBUG] 2025-07-10 00:10:56.557 [main] PackageRelationshipCollection - Parsing relationship: /xl/worksheets/_rels/sheet1.xml.rels
[DEBUG] 2025-07-10 00:10:56.558 [main] PackageRelationshipCollection - Parsing relationship: /_rels/.rels
[DEBUG] 2025-07-10 00:10:56.565 [main] PackageRelationshipCollection - Parsing relationship: /xl/_rels/workbook.xml.rels
[DEBUG] 2025-07-10 00:10:56.565 [main] PackageRelationshipCollection - Parsing relationship: /xl/worksheets/_rels/sheet1.xml.rels
[DEBUG] 2025-07-10 00:10:56.565 [main] PackageRelationshipCollection - Parsing relationship: /_rels/.rels
[DEBUG] 2025-07-10 00:10:56.574 [main] PackageRelationshipCollection - Parsing relationship: /xl/_rels/workbook.xml.rels
[DEBUG] 2025-07-10 00:10:56.574 [main] PackageRelationshipCollection - Parsing relationship: /xl/worksheets/_rels/sheet1.xml.rels
[DEBUG] 2025-07-10 00:10:56.575 [main] PackageRelationshipCollection - Parsing relationship: /_rels/.rels
[DEBUG] 2025-07-10 00:10:56.584 [main] PackageRelationshipCollection - Parsing relationship: /xl/_rels/workbook.xml.rels
[DEBUG] 2025-07-10 00:10:56.584 [main] PackageRelationshipCollection - Parsing relationship: /xl/worksheets/_rels/sheet1.xml.rels
[DEBUG] 2025-07-10 00:10:56.584 [main] PackageRelationshipCollection - Parsing relationship: /_rels/.rels
[DEBUG] 2025-07-10 00:10:56.596 [main] PackageRelationshipCollection - Parsing relationship: /xl/_rels/workbook.xml.rels
[DEBUG] 2025-07-10 00:10:56.597 [main] PackageRelationshipCollection - Parsing relationship: /xl/worksheets/_rels/sheet1.xml.rels
[DEBUG] 2025-07-10 00:10:56.597 [main] PackageRelationshipCollection - Parsing relationship: /_rels/.rels
[DEBUG] 2025-07-10 00:10:56.604 [main] PackageRelationshipCollection - Parsing relationship: /xl/_rels/workbook.xml.rels
[DEBUG] 2025-07-10 00:10:56.605 [main] PackageRelationshipCollection - Parsing relationship: /xl/worksheets/_rels/sheet1.xml.rels
[DEBUG] 2025-07-10 00:10:56.605 [main] PackageRelationshipCollection - Parsing relationship: /_rels/.rels
[DEBUG] 2025-07-10 00:10:56.613 [main] PackageRelationshipCollection - Parsing relationship: /xl/_rels/workbook.xml.rels
[DEBUG] 2025-07-10 00:10:56.613 [main] PackageRelationshipCollection - Parsing relationship: /xl/worksheets/_rels/sheet1.xml.rels
[DEBUG] 2025-07-10 00:10:56.613 [main] PackageRelationshipCollection - Parsing relationship: /_rels/.rels
[INFO ] 2025-07-10 00:10:56.635 [main] TC003_LoginDDT - ******* Starting TC003_LoginDDT *********
[INFO ] 2025-07-10 00:10:57.803 [main] TC003_LoginDDT - ******* Finished TC003_LoginDDT *********
[INFO ] 2025-07-10 00:10:57.813 [main] TC003_LoginDDT - ******* Starting TC003_LoginDDT *********
[INFO ] 2025-07-10 00:11:08.687 [main] TC003_LoginDDT - ******* Finished TC003_LoginDDT *********
[INFO ] 2025-07-10 00:11:08.690 [main] TC003_LoginDDT - ******* Starting TC003_LoginDDT *********
[INFO ] 2025-07-10 00:11:19.662 [main] TC003_LoginDDT - ******* Finished TC003_LoginDDT *********
[INFO ] 2025-07-10 00:11:19.666 [main] TC003_LoginDDT - ******* Starting TC003_LoginDDT *********
[INFO ] 2025-07-10 00:11:30.385 [main] TC003_LoginDDT - ******* Finished TC003_LoginDDT *********
[INFO ] 2025-07-10 00:11:30.387 [main] TC003_LoginDDT - ******* Starting TC003_LoginDDT *********
[INFO ] 2025-07-10 00:11:31.894 [main] TC003_LoginDDT - ******* Finished TC003_LoginDDT *********
[INFO ] 2025-07-10 00:15:04.752 [TestNG-tests-1] TC001_AccountRegistrationTest - *******Starting TC001_AccountRegistraionTest *******
[INFO ] 2025-07-10 00:15:04.874 [TestNG-tests-1] TC001_AccountRegistrationTest - *******clicked my account *******
[INFO ] 2025-07-10 00:15:05.442 [TestNG-tests-1] TC001_AccountRegistrationTest - *******clicked on register *******
[INFO ] 2025-07-10 00:15:06.803 [TestNG-tests-1] TC001_AccountRegistrationTest - *******enter all details *******
[INFO ] 2025-07-10 00:16:30.665 [TestNG-tests-3] TC001_AccountRegistrationTest - *******Starting TC001_AccountRegistraionTest *******
[ERROR] 2025-07-10 00:16:30.678 [TestNG-tests-3] TC001_AccountRegistrationTest - Test Failed..
[DEBUG] 2025-07-10 00:16:30.678 [TestNG-tests-3] TC001_AccountRegistrationTest - Test to debug
[INFO ] 2025-07-10 00:16:33.261 [TestNG-tests-1] TC001_AccountRegistrationTest - *******Starting TC001_AccountRegistraionTest *******
[INFO ] 2025-07-10 00:16:33.310 [TestNG-tests-1] TC001_AccountRegistrationTest - *******clicked my account *******
[INFO ] 2025-07-10 00:16:33.576 [TestNG-tests-1] TC001_AccountRegistrationTest - *******clicked on register *******
[INFO ] 2025-07-10 00:16:34.428 [TestNG-tests-1] TC001_AccountRegistrationTest - *******enter all details *******
[INFO ] 2025-07-10 00:32:38.928 [TestNG-tests-1] TC001_AccountRegistrationTest - *******Starting TC001_AccountRegistraionTest *******
[INFO ] 2025-07-10 00:32:39.111 [TestNG-tests-1] TC001_AccountRegistrationTest - *******clicked my account *******
[INFO ] 2025-07-10 00:32:39.364 [TestNG-tests-1] TC001_AccountRegistrationTest - *******clicked on register *******
[INFO ] 2025-07-10 00:32:40.249 [TestNG-tests-1] TC001_AccountRegistrationTest - *******enter all details *******
[INFO ] 2025-07-10 00:33:41.189 [TestNG-tests-3] TC001_AccountRegistrationTest - *******Starting TC001_AccountRegistraionTest *******
[ERROR] 2025-07-10 00:33:41.208 [TestNG-tests-3] TC001_AccountRegistrationTest - Test Failed..
[DEBUG] 2025-07-10 00:33:41.208 [TestNG-tests-3] TC001_AccountRegistrationTest - Test to debug
[INFO ] 2025-07-10 00:33:43.788 [TestNG-tests-1] TC001_AccountRegistrationTest - *******Starting TC001_AccountRegistraionTest *******
[INFO ] 2025-07-10 00:33:43.980 [TestNG-tests-1] TC001_AccountRegistrationTest - *******clicked my account *******
[INFO ] 2025-07-10 00:33:44.219 [TestNG-tests-1] TC001_AccountRegistrationTest - *******clicked on register *******
[INFO ] 2025-07-10 00:33:45.117 [TestNG-tests-1] TC001_AccountRegistrationTest - *******enter all details *******
[INFO ] 2025-07-10 00:34:27.793 [TestNG-tests-3] TC001_AccountRegistrationTest - *******Starting TC001_AccountRegistraionTest *******
[ERROR] 2025-07-10 00:34:27.811 [TestNG-tests-3] TC001_AccountRegistrationTest - Test Failed..
[DEBUG] 2025-07-10 00:34:27.813 [TestNG-tests-3] TC001_AccountRegistrationTest - Test to debug
[INFO ] 2025-07-10 00:34:30.411 [TestNG-tests-1] TC001_AccountRegistrationTest - *******Starting TC001_AccountRegistraionTest *******
[INFO ] 2025-07-10 00:34:30.640 [TestNG-tests-1] TC001_AccountRegistrationTest - *******clicked my account *******
[INFO ] 2025-07-10 00:34:30.878 [TestNG-tests-1] TC001_AccountRegistrationTest - *******clicked on register *******
[INFO ] 2025-07-10 00:34:31.745 [TestNG-tests-1] TC001_AccountRegistrationTest - *******enter all details *******
[INFO ] 2025-07-10 00:41:49.152 [TestNG-tests-2] TC001_AccountRegistrationTest - *******Starting TC001_AccountRegistraionTest *******
[INFO ] 2025-07-10 00:41:49.152 [TestNG-tests-1] TC001_AccountRegistrationTest - *******Starting TC001_AccountRegistraionTest *******
[ERROR] 2025-07-10 00:41:49.197 [TestNG-tests-2] TC001_AccountRegistrationTest - Test Failed..
[ERROR] 2025-07-10 00:41:49.197 [TestNG-tests-1] TC001_AccountRegistrationTest - Test Failed..
[DEBUG] 2025-07-10 00:41:49.197 [TestNG-tests-2] TC001_AccountRegistrationTest - Test to debug
[DEBUG] 2025-07-10 00:41:49.197 [TestNG-tests-1] TC001_AccountRegistrationTest - Test to debug
[INFO ] 2025-07-10 00:41:51.784 [TestNG-tests-3] TC001_AccountRegistrationTest - *******Starting TC001_AccountRegistraionTest *******
[INFO ] 2025-07-10 00:41:52.019 [TestNG-tests-3] TC001_AccountRegistrationTest - *******clicked my account *******
[INFO ] 2025-07-10 00:41:52.279 [TestNG-tests-3] TC001_AccountRegistrationTest - *******clicked on register *******
[INFO ] 2025-07-10 00:41:53.246 [TestNG-tests-3] TC001_AccountRegistrationTest - *******enter all details *******
[INFO ] 2025-07-10 00:51:05.530 [TestNG-tests-1] TC001_AccountRegistrationTest - *******Starting TC001_AccountRegistraionTest *******
[INFO ] 2025-07-10 00:51:05.530 [TestNG-tests-2] TC001_AccountRegistrationTest - *******Starting TC001_AccountRegistraionTest *******
[INFO ] 2025-07-10 00:51:05.740 [TestNG-tests-1] TC001_AccountRegistrationTest - *******clicked my account *******
[INFO ] 2025-07-10 00:51:05.778 [TestNG-tests-2] TC001_AccountRegistrationTest - *******clicked my account *******
[ERROR] 2025-07-10 00:51:15.824 [TestNG-tests-1] TC001_AccountRegistrationTest - Test Failed..
[DEBUG] 2025-07-10 00:51:15.824 [TestNG-tests-1] TC001_AccountRegistrationTest - Test to debug
[ERROR] 2025-07-10 00:51:25.857 [TestNG-tests-2] TC001_AccountRegistrationTest - Test Failed..
[DEBUG] 2025-07-10 00:51:25.857 [TestNG-tests-2] TC001_AccountRegistrationTest - Test to debug
[INFO ] 2025-07-10 00:53:20.574 [TestNG-tests-1] TC001_AccountRegistrationTest - *******Starting TC001_AccountRegistraionTest *******
[ERROR] 2025-07-10 00:53:20.617 [TestNG-tests-1] TC001_AccountRegistrationTest - Test Failed..
[DEBUG] 2025-07-10 00:53:20.617 [TestNG-tests-1] TC001_AccountRegistrationTest - Test to debug
[INFO ] 2025-07-10 00:53:21.368 [TestNG-tests-3] TC001_AccountRegistrationTest - *******Starting TC001_AccountRegistraionTest *******
[INFO ] 2025-07-10 00:53:21.614 [TestNG-tests-3] TC001_AccountRegistrationTest - *******clicked my account *******
[INFO ] 2025-07-10 00:53:21.884 [TestNG-tests-3] TC001_AccountRegistrationTest - *******clicked on register *******
[INFO ] 2025-07-10 00:53:22.886 [TestNG-tests-3] TC001_AccountRegistrationTest - *******enter all details *******
[INFO ] 2025-07-10 00:55:49.154 [TestNG-tests-2] TC001_AccountRegistrationTest - ******* Starting TC001_AccountRegistrationTest *******
[INFO ] 2025-07-10 00:55:49.154 [TestNG-tests-1] TC001_AccountRegistrationTest - ******* Starting TC001_AccountRegistrationTest *******
[ERROR] 2025-07-10 00:55:49.194 [TestNG-tests-2] TC001_AccountRegistrationTest - Test Failed due to exception: Unable to locate element: //span[normalize-space() = 'My Account']
For documentation on this error, please visit: https://www.selenium.dev/documentation/webdriver/troubleshooting/errors#no-such-element-exception
Build info: version: '4.34.0', revision: '707dcb4246*'
System info: os.name: 'Windows 11', os.arch: 'amd64', os.version: '10.0', java.version: '23.0.2'
Driver info: org.openqa.selenium.firefox.FirefoxDriver
Command: [b89a8f34-c9b9-4699-875e-7adf345d11d4, findElement {using=xpath, value=//span[normalize-space() = 'My Account']}]
Capabilities {acceptInsecureCerts: true, browserName: firefox, browserVersion: 140.0.4, moz:accessibilityChecks: false, moz:buildID: 20250707120347, moz:geckodriverVersion: 0.36.0, moz:headless: false, moz:platformVersion: 10.0, moz:processID: 40984, moz:profile: C:\Users\Shiva\AppData\Loca..., moz:shutdownTimeout: 60000, moz:webdriverClick: true, moz:windowless: false, pageLoadStrategy: normal, platformName: windows, proxy: Proxy(), setWindowRect: true, strictFileInteractability: false, timeouts: {implicit: 0, pageLoad: 300000, script: 30000}, unhandledPromptBehavior: dismiss and notify, userAgent: Mozilla/5.0 (Windows NT 10....}
Session ID: b89a8f34-c9b9-4699-875e-7adf345d11d4
[ERROR] 2025-07-10 00:55:49.194 [TestNG-tests-1] TC001_AccountRegistrationTest - Test Failed due to exception: Unable to locate element: //span[normalize-space() = 'My Account']
For documentation on this error, please visit: https://www.selenium.dev/documentation/webdriver/troubleshooting/errors#no-such-element-exception
Build info: version: '4.34.0', revision: '707dcb4246*'
System info: os.name: 'Windows 11', os.arch: 'amd64', os.version: '10.0', java.version: '23.0.2'
Driver info: org.openqa.selenium.firefox.FirefoxDriver
Command: [b89a8f34-c9b9-4699-875e-7adf345d11d4, findElement {using=xpath, value=//span[normalize-space() = 'My Account']}]
Capabilities {acceptInsecureCerts: true, browserName: firefox, browserVersion: 140.0.4, moz:accessibilityChecks: false, moz:buildID: 20250707120347, moz:geckodriverVersion: 0.36.0, moz:headless: false, moz:platformVersion: 10.0, moz:processID: 40984, moz:profile: C:\Users\Shiva\AppData\Loca..., moz:shutdownTimeout: 60000, moz:webdriverClick: true, moz:windowless: false, pageLoadStrategy: normal, platformName: windows, proxy: Proxy(), setWindowRect: true, strictFileInteractability: false, timeouts: {implicit: 0, pageLoad: 300000, script: 30000}, unhandledPromptBehavior: dismiss and notify, userAgent: Mozilla/5.0 (Windows NT 10....}
Session ID: b89a8f34-c9b9-4699-875e-7adf345d11d4
[DEBUG] 2025-07-10 00:55:49.194 [TestNG-tests-2] TC001_AccountRegistrationTest - Exception StackTrace: 
org.openqa.selenium.NoSuchElementException: Unable to locate element: //span[normalize-space() = 'My Account']
For documentation on this error, please visit: https://www.selenium.dev/documentation/webdriver/troubleshooting/errors#no-such-element-exception
Build info: version: '4.34.0', revision: '707dcb4246*'
System info: os.name: 'Windows 11', os.arch: 'amd64', os.version: '10.0', java.version: '23.0.2'
Driver info: org.openqa.selenium.firefox.FirefoxDriver
Command: [b89a8f34-c9b9-4699-875e-7adf345d11d4, findElement {using=xpath, value=//span[normalize-space() = 'My Account']}]
Capabilities {acceptInsecureCerts: true, browserName: firefox, browserVersion: 140.0.4, moz:accessibilityChecks: false, moz:buildID: 20250707120347, moz:geckodriverVersion: 0.36.0, moz:headless: false, moz:platformVersion: 10.0, moz:processID: 40984, moz:profile: C:\Users\Shiva\AppData\Loca..., moz:shutdownTimeout: 60000, moz:webdriverClick: true, moz:windowless: false, pageLoadStrategy: normal, platformName: windows, proxy: Proxy(), setWindowRect: true, strictFileInteractability: false, timeouts: {implicit: 0, pageLoad: 300000, script: 30000}, unhandledPromptBehavior: dismiss and notify, userAgent: Mozilla/5.0 (Windows NT 10....}
Session ID: b89a8f34-c9b9-4699-875e-7adf345d11d4
	at java.base/jdk.internal.reflect.DirectConstructorHandleAccessor.newInstance(DirectConstructorHandleAccessor.java:62)
	at java.base/java.lang.reflect.Constructor.newInstanceWithCaller(Constructor.java:501)
	at java.base/java.lang.reflect.Constructor.newInstance(Constructor.java:485)
	at org.openqa.selenium.remote.ErrorCodec.decode(ErrorCodec.java:167)
	at org.openqa.selenium.remote.codec.w3c.W3CHttpResponseCodec.decode(W3CHttpResponseCodec.java:138)
	at org.openqa.selenium.remote.codec.w3c.W3CHttpResponseCodec.decode(W3CHttpResponseCodec.java:50)
	at org.openqa.selenium.remote.HttpCommandExecutor.execute(HttpCommandExecutor.java:215)
	at org.openqa.selenium.remote.service.DriverCommandExecutor.invokeExecute(DriverCommandExecutor.java:216)
	at org.openqa.selenium.remote.service.DriverCommandExecutor.execute(DriverCommandExecutor.java:174)
	at org.openqa.selenium.remote.RemoteWebDriver.execute(RemoteWebDriver.java:544)
	at org.openqa.selenium.remote.ElementLocation$ElementFinder$2.findElement(ElementLocation.java:165)
	at org.openqa.selenium.remote.ElementLocation.findElement(ElementLocation.java:59)
	at org.openqa.selenium.remote.RemoteWebDriver.findElement(RemoteWebDriver.java:367)
	at org.openqa.selenium.remote.RemoteWebDriver.findElement(RemoteWebDriver.java:361)
	at org.openqa.selenium.support.pagefactory.DefaultElementLocator.findElement(DefaultElementLocator.java:68)
	at org.openqa.selenium.support.pagefactory.internal.LocatingElementHandler.invoke(LocatingElementHandler.java:38)
	at jdk.proxy2/jdk.proxy2.$Proxy31.click(Unknown Source)
	at pageObjects.HomePage.clickMyAccount(HomePage.java:24)
	at testCases.TC001_AccountRegistrationTest.verify_account_registration(TC001_AccountRegistrationTest.java:24)
	at java.base/jdk.internal.reflect.DirectMethodHandleAccessor.invoke(DirectMethodHandleAccessor.java:103)
	at java.base/java.lang.reflect.Method.invoke(Method.java:580)
	at org.testng.internal.invokers.MethodInvocationHelper.invokeMethod(MethodInvocationHelper.java:141)
	at org.testng.internal.invokers.TestInvoker.invokeMethod(TestInvoker.java:687)
	at org.testng.internal.invokers.TestInvoker.invokeTestMethod(TestInvoker.java:230)
	at org.testng.internal.invokers.MethodRunner.runInSequence(MethodRunner.java:63)
	at org.testng.internal.invokers.TestInvoker$MethodInvocationAgent.invoke(TestInvoker.java:995)
	at org.testng.internal.invokers.TestInvoker.invokeTestMethods(TestInvoker.java:203)
	at org.testng.internal.invokers.TestMethodWorker.invokeTestMethods(TestMethodWorker.java:154)
	at org.testng.internal.invokers.TestMethodWorker.run(TestMethodWorker.java:134)
	at java.base/java.util.ArrayList.forEach(ArrayList.java:1597)
	at org.testng.TestRunner.privateRun(TestRunner.java:741)
	at org.testng.TestRunner.run(TestRunner.java:616)
	at org.testng.SuiteRunner.runTest(SuiteRunner.java:421)
	at org.testng.SuiteRunner$SuiteWorker.run(SuiteRunner.java:463)
	at org.testng.internal.thread.ThreadUtil.lambda$execute$0(ThreadUtil.java:64)
	at java.base/java.util.concurrent.FutureTask.run(FutureTask.java:317)
	at java.base/java.util.concurrent.ThreadPoolExecutor.runWorker(ThreadPoolExecutor.java:1144)
	at java.base/java.util.concurrent.ThreadPoolExecutor$Worker.run(ThreadPoolExecutor.java:642)
	at java.base/java.lang.Thread.run(Thread.java:1575)
[DEBUG] 2025-07-10 00:55:49.194 [TestNG-tests-1] TC001_AccountRegistrationTest - Exception StackTrace: 
org.openqa.selenium.NoSuchElementException: Unable to locate element: //span[normalize-space() = 'My Account']
For documentation on this error, please visit: https://www.selenium.dev/documentation/webdriver/troubleshooting/errors#no-such-element-exception
Build info: version: '4.34.0', revision: '707dcb4246*'
System info: os.name: 'Windows 11', os.arch: 'amd64', os.version: '10.0', java.version: '23.0.2'
Driver info: org.openqa.selenium.firefox.FirefoxDriver
Command: [b89a8f34-c9b9-4699-875e-7adf345d11d4, findElement {using=xpath, value=//span[normalize-space() = 'My Account']}]
Capabilities {acceptInsecureCerts: true, browserName: firefox, browserVersion: 140.0.4, moz:accessibilityChecks: false, moz:buildID: 20250707120347, moz:geckodriverVersion: 0.36.0, moz:headless: false, moz:platformVersion: 10.0, moz:processID: 40984, moz:profile: C:\Users\Shiva\AppData\Loca..., moz:shutdownTimeout: 60000, moz:webdriverClick: true, moz:windowless: false, pageLoadStrategy: normal, platformName: windows, proxy: Proxy(), setWindowRect: true, strictFileInteractability: false, timeouts: {implicit: 0, pageLoad: 300000, script: 30000}, unhandledPromptBehavior: dismiss and notify, userAgent: Mozilla/5.0 (Windows NT 10....}
Session ID: b89a8f34-c9b9-4699-875e-7adf345d11d4
	at java.base/jdk.internal.reflect.DirectConstructorHandleAccessor.newInstance(DirectConstructorHandleAccessor.java:62)
	at java.base/java.lang.reflect.Constructor.newInstanceWithCaller(Constructor.java:501)
	at java.base/java.lang.reflect.Constructor.newInstance(Constructor.java:485)
	at org.openqa.selenium.remote.ErrorCodec.decode(ErrorCodec.java:167)
	at org.openqa.selenium.remote.codec.w3c.W3CHttpResponseCodec.decode(W3CHttpResponseCodec.java:138)
	at org.openqa.selenium.remote.codec.w3c.W3CHttpResponseCodec.decode(W3CHttpResponseCodec.java:50)
	at org.openqa.selenium.remote.HttpCommandExecutor.execute(HttpCommandExecutor.java:215)
	at org.openqa.selenium.remote.service.DriverCommandExecutor.invokeExecute(DriverCommandExecutor.java:216)
	at org.openqa.selenium.remote.service.DriverCommandExecutor.execute(DriverCommandExecutor.java:174)
	at org.openqa.selenium.remote.RemoteWebDriver.execute(RemoteWebDriver.java:544)
	at org.openqa.selenium.remote.ElementLocation$ElementFinder$2.findElement(ElementLocation.java:165)
	at org.openqa.selenium.remote.ElementLocation.findElement(ElementLocation.java:59)
	at org.openqa.selenium.remote.RemoteWebDriver.findElement(RemoteWebDriver.java:367)
	at org.openqa.selenium.remote.RemoteWebDriver.findElement(RemoteWebDriver.java:361)
	at org.openqa.selenium.support.pagefactory.DefaultElementLocator.findElement(DefaultElementLocator.java:68)
	at org.openqa.selenium.support.pagefactory.internal.LocatingElementHandler.invoke(LocatingElementHandler.java:38)
	at jdk.proxy2/jdk.proxy2.$Proxy31.click(Unknown Source)
	at pageObjects.HomePage.clickMyAccount(HomePage.java:24)
	at testCases.TC001_AccountRegistrationTest.verify_account_registration(TC001_AccountRegistrationTest.java:24)
	at java.base/jdk.internal.reflect.DirectMethodHandleAccessor.invoke(DirectMethodHandleAccessor.java:103)
	at java.base/java.lang.reflect.Method.invoke(Method.java:580)
	at org.testng.internal.invokers.MethodInvocationHelper.invokeMethod(MethodInvocationHelper.java:141)
	at org.testng.internal.invokers.TestInvoker.invokeMethod(TestInvoker.java:687)
	at org.testng.internal.invokers.TestInvoker.invokeTestMethod(TestInvoker.java:230)
	at org.testng.internal.invokers.MethodRunner.runInSequence(MethodRunner.java:63)
	at org.testng.internal.invokers.TestInvoker$MethodInvocationAgent.invoke(TestInvoker.java:995)
	at org.testng.internal.invokers.TestInvoker.invokeTestMethods(TestInvoker.java:203)
	at org.testng.internal.invokers.TestMethodWorker.invokeTestMethods(TestMethodWorker.java:154)
	at org.testng.internal.invokers.TestMethodWorker.run(TestMethodWorker.java:134)
	at java.base/java.util.ArrayList.forEach(ArrayList.java:1597)
	at org.testng.TestRunner.privateRun(TestRunner.java:741)
	at org.testng.TestRunner.run(TestRunner.java:616)
	at org.testng.SuiteRunner.runTest(SuiteRunner.java:421)
	at org.testng.SuiteRunner$SuiteWorker.run(SuiteRunner.java:463)
	at org.testng.internal.thread.ThreadUtil.lambda$execute$0(ThreadUtil.java:64)
	at java.base/java.util.concurrent.FutureTask.run(FutureTask.java:317)
	at java.base/java.util.concurrent.ThreadPoolExecutor.runWorker(ThreadPoolExecutor.java:1144)
	at java.base/java.util.concurrent.ThreadPoolExecutor$Worker.run(ThreadPoolExecutor.java:642)
	at java.base/java.lang.Thread.run(Thread.java:1575)
[INFO ] 2025-07-10 00:55:49.199 [TestNG-tests-1] TC001_AccountRegistrationTest - ******* Finished TC001_AccountRegistrationTest *******
[INFO ] 2025-07-10 00:55:49.199 [TestNG-tests-2] TC001_AccountRegistrationTest - ******* Finished TC001_AccountRegistrationTest *******
[INFO ] 2025-07-10 00:55:51.673 [TestNG-tests-3] TC001_AccountRegistrationTest - ******* Starting TC001_AccountRegistrationTest *******
[INFO ] 2025-07-10 00:55:51.723 [TestNG-tests-3] TC001_AccountRegistrationTest - Clicked on My Account
[INFO ] 2025-07-10 00:55:51.967 [TestNG-tests-3] TC001_AccountRegistrationTest - Clicked on Register
[INFO ] 2025-07-10 00:55:52.197 [TestNG-tests-3] TC001_AccountRegistrationTest - Filled in registration details
[INFO ] 2025-07-10 00:55:52.924 [TestNG-tests-3] TC001_AccountRegistrationTest - Clicked on Continue after agreeing to privacy policy
[INFO ] 2025-07-10 00:55:52.951 [TestNG-tests-3] TC001_AccountRegistrationTest - Confirmation Message: Your Account Has Been Created!
[INFO ] 2025-07-10 00:55:52.951 [TestNG-tests-3] TC001_AccountRegistrationTest - ******* Finished TC001_AccountRegistrationTest *******
[INFO ] 2025-07-10 00:58:53.358 [main] TC001_AccountRegistrationTest - *******Starting TC001_AccountRegistraionTest *******
[INFO ] 2025-07-10 00:58:53.585 [main] TC001_AccountRegistrationTest - *******clicked my account *******
[INFO ] 2025-07-10 00:58:53.823 [main] TC001_AccountRegistrationTest - *******clicked on register *******
[INFO ] 2025-07-10 00:58:54.659 [main] TC001_AccountRegistrationTest - *******enter all details *******
[INFO ] 2025-07-10 00:58:57.120 [main] TC002_LoginTest - ********Straing TC002_LoginTest**********
[INFO ] 2025-07-10 01:01:21.952 [main] TC001_AccountRegistrationTest - *******Starting TC001_AccountRegistraionTest *******
[INFO ] 2025-07-10 01:01:22.132 [main] TC001_AccountRegistrationTest - *******clicked my account *******
[INFO ] 2025-07-10 01:01:22.376 [main] TC001_AccountRegistrationTest - *******clicked on register *******
[INFO ] 2025-07-10 01:01:23.348 [main] TC001_AccountRegistrationTest - *******enter all details *******
[INFO ] 2025-07-10 01:01:25.807 [main] TC002_LoginTest - ********Straing TC002_LoginTest**********
[INFO ] 2025-07-10 01:07:12.522 [main] TC001_AccountRegistrationTest - *******Starting TC001_AccountRegistraionTest *******
[INFO ] 2025-07-10 01:07:12.584 [main] TC001_AccountRegistrationTest - *******clicked my account *******
[INFO ] 2025-07-10 01:07:12.843 [main] TC001_AccountRegistrationTest - *******clicked on register *******
[INFO ] 2025-07-10 01:07:13.802 [main] TC001_AccountRegistrationTest - *******enter all details *******
[INFO ] 2025-07-10 01:07:16.272 [main] TC002_LoginTest - ********Straing TC002_LoginTest**********
[INFO ] 2025-07-10 01:07:54.647 [main] TC001_AccountRegistrationTest - *******Starting TC001_AccountRegistraionTest *******
[INFO ] 2025-07-10 01:07:54.845 [main] TC001_AccountRegistrationTest - *******clicked my account *******
[INFO ] 2025-07-10 01:07:55.092 [main] TC001_AccountRegistrationTest - *******clicked on register *******
[INFO ] 2025-07-10 01:07:55.973 [main] TC001_AccountRegistrationTest - *******enter all details *******
[INFO ] 2025-07-10 01:07:58.521 [main] TC002_LoginTest - ********Straing TC002_LoginTest**********
[INFO ] 2025-07-10 01:13:33.979 [main] TC001_AccountRegistrationTest - *******Starting TC001_AccountRegistraionTest *******
[INFO ] 2025-07-10 01:13:34.168 [main] TC001_AccountRegistrationTest - *******clicked my account *******
[INFO ] 2025-07-10 01:13:34.544 [main] TC001_AccountRegistrationTest - *******clicked on register *******
[INFO ] 2025-07-10 01:13:35.509 [main] TC001_AccountRegistrationTest - *******enter all details *******
[INFO ] 2025-07-10 01:13:37.993 [main] TC002_LoginTest - ********Straing TC002_LoginTest**********
[DEBUG] 2025-07-10 01:13:41.997 [main] PackageRelationshipCollection - Parsing relationship: /xl/_rels/workbook.xml.rels
[DEBUG] 2025-07-10 01:13:42.001 [main] PackageRelationshipCollection - Parsing relationship: /xl/worksheets/_rels/sheet1.xml.rels
[DEBUG] 2025-07-10 01:13:42.002 [main] PackageRelationshipCollection - Parsing relationship: /_rels/.rels
[DEBUG] 2025-07-10 01:13:42.423 [main] PackageRelationshipCollection - Parsing relationship: /xl/_rels/workbook.xml.rels
[DEBUG] 2025-07-10 01:13:42.424 [main] PackageRelationshipCollection - Parsing relationship: /xl/worksheets/_rels/sheet1.xml.rels
[DEBUG] 2025-07-10 01:13:42.425 [main] PackageRelationshipCollection - Parsing relationship: /_rels/.rels
[DEBUG] 2025-07-10 01:13:42.444 [main] PackageRelationshipCollection - Parsing relationship: /xl/_rels/workbook.xml.rels
[DEBUG] 2025-07-10 01:13:42.445 [main] PackageRelationshipCollection - Parsing relationship: /xl/worksheets/_rels/sheet1.xml.rels
[DEBUG] 2025-07-10 01:13:42.445 [main] PackageRelationshipCollection - Parsing relationship: /_rels/.rels
[DEBUG] 2025-07-10 01:13:42.468 [main] PackageRelationshipCollection - Parsing relationship: /xl/_rels/workbook.xml.rels
[DEBUG] 2025-07-10 01:13:42.468 [main] PackageRelationshipCollection - Parsing relationship: /xl/worksheets/_rels/sheet1.xml.rels
[DEBUG] 2025-07-10 01:13:42.469 [main] PackageRelationshipCollection - Parsing relationship: /_rels/.rels
[DEBUG] 2025-07-10 01:13:42.483 [main] PackageRelationshipCollection - Parsing relationship: /xl/_rels/workbook.xml.rels
[DEBUG] 2025-07-10 01:13:42.483 [main] PackageRelationshipCollection - Parsing relationship: /xl/worksheets/_rels/sheet1.xml.rels
[DEBUG] 2025-07-10 01:13:42.484 [main] PackageRelationshipCollection - Parsing relationship: /_rels/.rels
[DEBUG] 2025-07-10 01:13:42.498 [main] PackageRelationshipCollection - Parsing relationship: /xl/_rels/workbook.xml.rels
[DEBUG] 2025-07-10 01:13:42.499 [main] PackageRelationshipCollection - Parsing relationship: /xl/worksheets/_rels/sheet1.xml.rels
[DEBUG] 2025-07-10 01:13:42.499 [main] PackageRelationshipCollection - Parsing relationship: /_rels/.rels
[DEBUG] 2025-07-10 01:13:42.512 [main] PackageRelationshipCollection - Parsing relationship: /xl/_rels/workbook.xml.rels
[DEBUG] 2025-07-10 01:13:42.513 [main] PackageRelationshipCollection - Parsing relationship: /xl/worksheets/_rels/sheet1.xml.rels
[DEBUG] 2025-07-10 01:13:42.513 [main] PackageRelationshipCollection - Parsing relationship: /_rels/.rels
[DEBUG] 2025-07-10 01:13:42.525 [main] PackageRelationshipCollection - Parsing relationship: /xl/_rels/workbook.xml.rels
[DEBUG] 2025-07-10 01:13:42.525 [main] PackageRelationshipCollection - Parsing relationship: /xl/worksheets/_rels/sheet1.xml.rels
[DEBUG] 2025-07-10 01:13:42.526 [main] PackageRelationshipCollection - Parsing relationship: /_rels/.rels
[DEBUG] 2025-07-10 01:13:42.538 [main] PackageRelationshipCollection - Parsing relationship: /xl/_rels/workbook.xml.rels
[DEBUG] 2025-07-10 01:13:42.539 [main] PackageRelationshipCollection - Parsing relationship: /xl/worksheets/_rels/sheet1.xml.rels
[DEBUG] 2025-07-10 01:13:42.540 [main] PackageRelationshipCollection - Parsing relationship: /_rels/.rels
[DEBUG] 2025-07-10 01:13:42.552 [main] PackageRelationshipCollection - Parsing relationship: /xl/_rels/workbook.xml.rels
[DEBUG] 2025-07-10 01:13:42.552 [main] PackageRelationshipCollection - Parsing relationship: /xl/worksheets/_rels/sheet1.xml.rels
[DEBUG] 2025-07-10 01:13:42.553 [main] PackageRelationshipCollection - Parsing relationship: /_rels/.rels
[DEBUG] 2025-07-10 01:13:42.567 [main] PackageRelationshipCollection - Parsing relationship: /xl/_rels/workbook.xml.rels
[DEBUG] 2025-07-10 01:13:42.568 [main] PackageRelationshipCollection - Parsing relationship: /xl/worksheets/_rels/sheet1.xml.rels
[DEBUG] 2025-07-10 01:13:42.568 [main] PackageRelationshipCollection - Parsing relationship: /_rels/.rels
[DEBUG] 2025-07-10 01:13:42.583 [main] PackageRelationshipCollection - Parsing relationship: /xl/_rels/workbook.xml.rels
[DEBUG] 2025-07-10 01:13:42.583 [main] PackageRelationshipCollection - Parsing relationship: /xl/worksheets/_rels/sheet1.xml.rels
[DEBUG] 2025-07-10 01:13:42.584 [main] PackageRelationshipCollection - Parsing relationship: /_rels/.rels
[DEBUG] 2025-07-10 01:13:42.596 [main] PackageRelationshipCollection - Parsing relationship: /xl/_rels/workbook.xml.rels
[DEBUG] 2025-07-10 01:13:42.597 [main] PackageRelationshipCollection - Parsing relationship: /xl/worksheets/_rels/sheet1.xml.rels
[DEBUG] 2025-07-10 01:13:42.597 [main] PackageRelationshipCollection - Parsing relationship: /_rels/.rels
[DEBUG] 2025-07-10 01:13:42.611 [main] PackageRelationshipCollection - Parsing relationship: /xl/_rels/workbook.xml.rels
[DEBUG] 2025-07-10 01:13:42.612 [main] PackageRelationshipCollection - Parsing relationship: /xl/worksheets/_rels/sheet1.xml.rels
[DEBUG] 2025-07-10 01:13:42.612 [main] PackageRelationshipCollection - Parsing relationship: /_rels/.rels
[DEBUG] 2025-07-10 01:13:42.624 [main] PackageRelationshipCollection - Parsing relationship: /xl/_rels/workbook.xml.rels
[DEBUG] 2025-07-10 01:13:42.624 [main] PackageRelationshipCollection - Parsing relationship: /xl/worksheets/_rels/sheet1.xml.rels
[DEBUG] 2025-07-10 01:13:42.625 [main] PackageRelationshipCollection - Parsing relationship: /_rels/.rels
[DEBUG] 2025-07-10 01:13:42.638 [main] PackageRelationshipCollection - Parsing relationship: /xl/_rels/workbook.xml.rels
[DEBUG] 2025-07-10 01:13:42.638 [main] PackageRelationshipCollection - Parsing relationship: /xl/worksheets/_rels/sheet1.xml.rels
[DEBUG] 2025-07-10 01:13:42.639 [main] PackageRelationshipCollection - Parsing relationship: /_rels/.rels
[DEBUG] 2025-07-10 01:13:42.652 [main] PackageRelationshipCollection - Parsing relationship: /xl/_rels/workbook.xml.rels
[DEBUG] 2025-07-10 01:13:42.654 [main] PackageRelationshipCollection - Parsing relationship: /xl/worksheets/_rels/sheet1.xml.rels
[DEBUG] 2025-07-10 01:13:42.655 [main] PackageRelationshipCollection - Parsing relationship: /_rels/.rels
[INFO ] 2025-07-10 01:13:42.673 [main] TC003_LoginDDT - ******* Starting TC003_LoginDDT *********
[INFO ] 2025-07-10 01:13:43.914 [main] TC003_LoginDDT - ******* Finished TC003_LoginDDT *********
[INFO ] 2025-07-10 01:13:43.919 [main] TC003_LoginDDT - ******* Starting TC003_LoginDDT *********
[INFO ] 2025-07-10 01:13:54.712 [main] TC003_LoginDDT - ******* Finished TC003_LoginDDT *********
[INFO ] 2025-07-10 01:13:54.715 [main] TC003_LoginDDT - ******* Starting TC003_LoginDDT *********
[INFO ] 2025-07-10 01:14:05.694 [main] TC003_LoginDDT - ******* Finished TC003_LoginDDT *********
[INFO ] 2025-07-10 01:14:05.699 [main] TC003_LoginDDT - ******* Starting TC003_LoginDDT *********
[INFO ] 2025-07-10 01:14:16.542 [main] TC003_LoginDDT - ******* Finished TC003_LoginDDT *********
[INFO ] 2025-07-10 01:14:16.545 [main] TC003_LoginDDT - ******* Starting TC003_LoginDDT *********
[INFO ] 2025-07-10 01:14:18.063 [main] TC003_LoginDDT - ******* Finished TC003_LoginDDT *********
[INFO ] 2025-07-10 02:12:15.280 [main] TC001_AccountRegistrationTest - *******Starting TC001_AccountRegistraionTest *******
[INFO ] 2025-07-10 02:12:15.362 [main] TC001_AccountRegistrationTest - *******clicked my account *******
[INFO ] 2025-07-10 02:12:15.608 [main] TC001_AccountRegistrationTest - *******clicked on register *******
[INFO ] 2025-07-10 02:12:16.562 [main] TC001_AccountRegistrationTest - *******enter all details *******
[INFO ] 2025-07-10 02:12:19.094 [main] TC002_LoginTest - ********Straing TC002_LoginTest**********
[INFO ] 2025-07-10 02:39:15.113 [main] TC001_AccountRegistrationTest - *******Starting TC001_AccountRegistraionTest *******
[INFO ] 2025-07-10 02:39:15.313 [main] TC001_AccountRegistrationTest - *******clicked my account *******
[INFO ] 2025-07-10 02:39:15.580 [main] TC001_AccountRegistrationTest - *******clicked on register *******
[INFO ] 2025-07-10 02:39:16.469 [main] TC001_AccountRegistrationTest - *******enter all details *******
[INFO ] 2025-07-10 02:39:19.054 [main] TC002_LoginTest - ********Straing TC002_LoginTest**********
[INFO ] 2025-07-10 02:44:46.558 [main] TC001_AccountRegistrationTest - *******Starting TC001_AccountRegistraionTest *******
[INFO ] 2025-07-10 02:44:46.769 [main] TC001_AccountRegistrationTest - *******clicked my account *******
[INFO ] 2025-07-10 02:44:47.079 [main] TC001_AccountRegistrationTest - *******clicked on register *******
[INFO ] 2025-07-10 02:44:48.050 [main] TC001_AccountRegistrationTest - *******enter all details *******
[INFO ] 2025-07-10 02:44:50.740 [main] TC002_LoginTest - ********Straing TC002_LoginTest**********
